<html>
<body>
<pre>
<h1>µVision Build Log</h1>
<h2>Project:</h2>
I:\Documents\ece353\jwbauer353final\TIVA_Tetris-master\device_code\src\ece353_base_project.uvprojx
Project File Date:  12/12/2014

<h2>Output:</h2>
Build target 'Target 1'
compiling main.c...
rf.h(43): warning:  #1-D: last line of file ends without a newline
  #endif
main_game.h(6): warning:  #1-D: last line of file ends without a newline
  #endif
main.c(69): warning:  #167-D: argument of type "volatile uint32_t *" is incompatible with parameter of type "uint32_t *"
        get_high_score(&high_score);
main.c(66): warning:  #177-D: variable "status" was declared but never referenced
        uint32_t status, data;
main.c(66): warning:  #177-D: variable "data" was declared but never referenced
        uint32_t status, data;
main.c: 5 warnings, 0 errors
compiling fonts.c...
compiling adc.c...
compiling boardUtil.c...
rf.h(43): warning:  #1-D: last line of file ends without a newline
  #endif
boardUtil.c: 1 warning, 0 errors
compiling gpioPort.c...
compiling interrupts.c...
rf.h(43): warning:  #1-D: last line of file ends without a newline
  #endif
interrupts.c(100): warning:  #550-D: variable "val" was set but never used
        uint32_t val;
interrupts.c: 2 warnings, 0 errors
compiling timers.c...
compiling pc_buffer.c...
compiling uart.c...
compiling input.c...
rf.h(43): warning:  #1-D: last line of file ends without a newline
  #endif
input.c: 1 warning, 0 errors
compiling watchdog.c...
compiling eeprom.c...
rf.h(43): warning:  #1-D: last line of file ends without a newline
  #endif
eeprom.c(23): warning:  #550-D: variable "status" was set but never used
    i2c_status_t status;
eeprom.c: 2 warnings, 0 errors
compiling i2c.c...
rf.h(43): warning:  #1-D: last line of file ends without a newline
  #endif
i2c.c: 1 warning, 0 errors
compiling io_expander.c...
rf.h(43): warning:  #1-D: last line of file ends without a newline
  #endif
io_expander.c: 1 warning, 0 errors
compiling lcd.c...
rf.h(43): warning:  #1-D: last line of file ends without a newline
  #endif
lcd.c(141): warning:  #1-D: last line of file ends without a newline
  }
lcd.c: 2 warnings, 0 errors
compiling rf.c...
rf.h(43): warning:  #1-D: last line of file ends without a newline
  #endif
rf.h(43): warning:  #1-D: last line of file ends without a newline
  #endif
rf.c(101): warning:  #1-D: last line of file ends without a newline
  }
rf.c: 3 warnings, 0 errors
compiling led.c...
rf.h(43): warning:  #1-D: last line of file ends without a newline
  #endif
led.c(16): warning:  #1-D: last line of file ends without a newline
  }
led.c: 2 warnings, 0 errors
compiling game_logic.c...
rf.h(43): warning:  #1-D: last line of file ends without a newline
  #endif
game_logic.c: 1 warning, 0 errors
compiling render.c...
rf.h(43): warning:  #1-D: last line of file ends without a newline
  #endif
render.c: 1 warning, 0 errors
compiling spi.c...
spi.c(125): warning:  #1-D: last line of file ends without a newline
  }
spi.c: 1 warning, 0 errors
compiling wireless.c...
wireless.c(179): warning:  #940-D: missing return statement at end of non-void function "wireless_set_tx_addr"
  }
wireless.c: 1 warning, 0 errors
compiling system_TM4C123.c...
linking...
Program Size: Code=12740 RO-data=3788 RW-data=476 ZI-data=5348  
".\obj\ece353_base_project.axf" - 0 Error(s), 24 Warning(s).

<h2>Software Packages used:</h2>

Package Vendor: ARM
                http://www.keil.com/pack/ARM.CMSIS.4.1.1.pack
                ARM::CMSIS:CORE:3.30.0
                CMSIS (Cortex Microcontroller Software Interface Standard)
   * Component: CORE Version: 3.30.0

Package Vendor: Keil
                http://www.keil.com/pack/Keil.TM4C_DFP.1.0.0.pack
                Keil::Device:Startup:1.0.0
                Texas Instruments Tiva C Series Device Support and Examples
   * Component: Startup Version: 1.0.0

<h2>Collection of Component include folders:</h2>
  I:\Documents\ece353\jwbauer353final\TIVA_Tetris-master\device_code\src\RTE
  C:\AppV\mdk_510\ARM\PACK\ARM\CMSIS\4.1.1\CMSIS\Include
  C:\AppV\mdk_510\ARM\PACK\Keil\TM4C_DFP\1.0.0\Device\Include\TM4C123

<h2>Collection of Component Files used:</h2>

   * Component: ARM::CMSIS:CORE:3.30.0
      Source file:   CMSIS\UserCodeTemplates\ARM\ITM_Retarget.c

   * Component: Keil::Device:Startup:1.0.0
      Include file:  Device\Include\TM4C123\TM4C123.h
      Source file:   Device\Source\ARM\startup_TM4C123.s
      Source file:   Device\Source\system_TM4C123.c
Load "I:\\Documents\\ece353\\jwbauer353final\\TIVA_Tetris-master\\device_code\\src\\obj\\ece353_base_project.axf" 
Connecting: Mode=JTAG, Speed=1000000Hz
Erase Done.
Programming Done.
Verify OK.
</pre>
</body>
</html>
